=== Ablation Sweep: depth | regime: full10_2500 (10-class, 2500/500 per class) ===
--- Training configs/ablation_full10/depth_1.yaml -> results/ablation_full10/depth_1 ---
[results/ablation_full10/depth_1] trainable parameters: 2330
Epoch 1/15 batch 50/391 loss=2.1786 running_loss=2.2760 elapsed=1.24s
Epoch 1/15 batch 100/391 loss=2.0560 running_loss=2.2095 elapsed=2.32s
Epoch 1/15 batch 150/391 loss=1.9949 running_loss=2.1526 elapsed=3.39s
Epoch 1/15 batch 200/391 loss=1.9986 running_loss=2.1055 elapsed=4.41s
Epoch 1/15 batch 250/391 loss=1.7527 running_loss=2.0624 elapsed=5.47s
Epoch 1/15 batch 300/391 loss=1.7496 running_loss=2.0206 elapsed=6.50s
Epoch 1/15 batch 350/391 loss=1.7508 running_loss=1.9844 elapsed=7.56s
Epoch 1/15 batch 391/391 loss=1.6802 running_loss=1.9549 elapsed=8.38s
Epoch 1/15 train_loss=1.9549 test_loss=1.6668 acc=0.4598 time=9.44s
Epoch 2/15 batch 50/391 loss=1.6420 running_loss=1.6386 elapsed=1.08s
Epoch 2/15 batch 100/391 loss=1.4832 running_loss=1.6192 elapsed=2.08s
Epoch 2/15 batch 150/391 loss=1.4987 running_loss=1.6008 elapsed=3.13s
Epoch 2/15 batch 200/391 loss=1.5312 running_loss=1.5774 elapsed=4.22s
Epoch 2/15 batch 250/391 loss=1.5194 running_loss=1.5615 elapsed=5.21s
Epoch 2/15 batch 300/391 loss=1.4579 running_loss=1.5424 elapsed=6.21s
Epoch 2/15 batch 350/391 loss=1.4920 running_loss=1.5242 elapsed=7.21s
Epoch 2/15 batch 391/391 loss=1.4320 running_loss=1.5087 elapsed=8.07s
Epoch 2/15 train_loss=1.5087 test_loss=1.3730 acc=0.4800 time=9.26s
Epoch 3/15 batch 50/391 loss=1.2853 running_loss=1.3822 elapsed=1.06s
Epoch 3/15 batch 100/391 loss=1.3849 running_loss=1.3685 elapsed=2.11s
Epoch 3/15 batch 150/391 loss=1.3207 running_loss=1.3502 elapsed=3.15s
Epoch 3/15 batch 200/391 loss=1.2612 running_loss=1.3428 elapsed=4.24s
Epoch 3/15 batch 250/391 loss=1.3390 running_loss=1.3321 elapsed=5.34s
Epoch 3/15 batch 300/391 loss=1.1927 running_loss=1.3221 elapsed=6.34s
Epoch 3/15 batch 350/391 loss=1.3022 running_loss=1.3122 elapsed=7.34s
Epoch 3/15 batch 391/391 loss=1.0442 running_loss=1.3067 elapsed=8.19s
Epoch 3/15 train_loss=1.3067 test_loss=1.2436 acc=0.5012 time=9.48s
Epoch 4/15 batch 50/391 loss=1.3381 running_loss=1.2197 elapsed=1.12s
Epoch 4/15 batch 100/391 loss=1.2482 running_loss=1.2251 elapsed=2.22s
Epoch 4/15 batch 150/391 loss=1.1284 running_loss=1.2175 elapsed=3.29s
Epoch 4/15 batch 200/391 loss=1.1097 running_loss=1.2171 elapsed=4.33s
Epoch 4/15 batch 250/391 loss=1.2041 running_loss=1.2126 elapsed=5.53s
Epoch 4/15 batch 300/391 loss=1.1946 running_loss=1.2102 elapsed=6.66s
Epoch 4/15 batch 350/391 loss=1.2301 running_loss=1.2062 elapsed=7.77s
Epoch 4/15 batch 391/391 loss=1.1125 running_loss=1.2009 elapsed=8.59s
Epoch 4/15 train_loss=1.2009 test_loss=1.1630 acc=0.5626 time=9.77s
Epoch 5/15 batch 50/391 loss=1.1906 running_loss=1.1441 elapsed=1.09s
Epoch 5/15 batch 100/391 loss=1.1959 running_loss=1.1393 elapsed=2.13s
Epoch 5/15 batch 150/391 loss=1.3203 running_loss=1.1424 elapsed=3.13s
Epoch 5/15 batch 200/391 loss=1.1803 running_loss=1.1410 elapsed=4.12s
Epoch 5/15 batch 250/391 loss=1.2074 running_loss=1.1365 elapsed=5.19s
Epoch 5/15 batch 300/391 loss=1.0584 running_loss=1.1351 elapsed=6.26s
Epoch 5/15 batch 350/391 loss=1.2119 running_loss=1.1284 elapsed=7.31s
Epoch 5/15 batch 391/391 loss=1.0848 running_loss=1.1262 elapsed=8.13s
Epoch 5/15 train_loss=1.1262 test_loss=1.0839 acc=0.6216 time=9.20s
Epoch 6/15 batch 50/391 loss=1.0903 running_loss=1.0983 elapsed=1.02s
Epoch 6/15 batch 100/391 loss=0.9809 running_loss=1.0855 elapsed=2.04s
Epoch 6/15 batch 150/391 loss=1.1105 running_loss=1.0755 elapsed=3.09s
Epoch 6/15 batch 200/391 loss=1.1703 running_loss=1.0662 elapsed=4.07s
Epoch 6/15 batch 250/391 loss=0.9792 running_loss=1.0650 elapsed=5.11s
Epoch 6/15 batch 300/391 loss=1.0497 running_loss=1.0587 elapsed=6.20s
Epoch 6/15 batch 350/391 loss=0.9570 running_loss=1.0529 elapsed=7.26s
Epoch 6/15 batch 391/391 loss=1.0812 running_loss=1.0485 elapsed=8.69s
Epoch 6/15 train_loss=1.0485 test_loss=1.0030 acc=0.6430 time=10.49s
Epoch 7/15 batch 50/391 loss=0.9891 running_loss=1.0104 elapsed=1.54s
Epoch 7/15 batch 100/391 loss=1.0151 running_loss=1.0037 elapsed=2.86s
Epoch 7/15 batch 150/391 loss=0.8978 running_loss=0.9902 elapsed=4.19s
Epoch 7/15 batch 200/391 loss=1.0646 running_loss=0.9876 elapsed=5.34s
Epoch 7/15 batch 250/391 loss=1.0264 running_loss=0.9822 elapsed=6.56s
Epoch 7/15 batch 300/391 loss=1.0210 running_loss=0.9754 elapsed=7.76s
Epoch 7/15 batch 350/391 loss=0.9419 running_loss=0.9698 elapsed=8.95s
Epoch 7/15 batch 391/391 loss=0.9477 running_loss=0.9664 elapsed=9.91s
Epoch 7/15 train_loss=0.9664 test_loss=0.9155 acc=0.7102 time=11.17s
Epoch 8/15 batch 50/391 loss=0.9510 running_loss=0.9316 elapsed=1.20s
Epoch 8/15 batch 100/391 loss=0.8925 running_loss=0.9243 elapsed=2.42s
Epoch 8/15 batch 150/391 loss=0.7906 running_loss=0.9135 elapsed=3.56s
Epoch 8/15 batch 200/391 loss=1.0744 running_loss=0.9054 elapsed=4.72s
Epoch 8/15 batch 250/391 loss=0.7677 running_loss=0.9008 elapsed=5.96s
Epoch 8/15 batch 300/391 loss=0.9721 running_loss=0.9020 elapsed=7.68s
Epoch 8/15 batch 350/391 loss=0.8752 running_loss=0.8980 elapsed=9.19s
Epoch 8/15 batch 391/391 loss=0.9901 running_loss=0.8961 elapsed=10.17s
Epoch 8/15 train_loss=0.8961 test_loss=0.8788 acc=0.7286 time=11.49s
Epoch 9/15 batch 50/391 loss=0.8237 running_loss=0.8838 elapsed=1.20s
Epoch 9/15 batch 100/391 loss=0.7930 running_loss=0.8702 elapsed=2.45s
Epoch 9/15 batch 150/391 loss=0.8433 running_loss=0.8565 elapsed=3.59s
Epoch 9/15 batch 200/391 loss=0.8379 running_loss=0.8507 elapsed=4.87s
Epoch 9/15 batch 250/391 loss=0.8326 running_loss=0.8408 elapsed=6.16s
Epoch 9/15 batch 300/391 loss=0.8699 running_loss=0.8338 elapsed=7.35s
Epoch 9/15 batch 350/391 loss=0.7317 running_loss=0.8330 elapsed=8.54s
Epoch 9/15 batch 391/391 loss=0.5624 running_loss=0.8313 elapsed=9.54s
Epoch 9/15 train_loss=0.8313 test_loss=0.7908 acc=0.7594 time=11.01s
Epoch 10/15 batch 50/391 loss=0.6841 running_loss=0.7999 elapsed=1.24s
Epoch 10/15 batch 100/391 loss=0.6782 running_loss=0.7990 elapsed=2.40s
Epoch 10/15 batch 150/391 loss=0.8330 running_loss=0.7926 elapsed=3.51s
Epoch 10/15 batch 200/391 loss=0.7503 running_loss=0.7866 elapsed=4.77s
Epoch 10/15 batch 250/391 loss=0.7154 running_loss=0.7821 elapsed=5.97s
Epoch 10/15 batch 300/391 loss=0.6913 running_loss=0.7759 elapsed=7.15s
Epoch 10/15 batch 350/391 loss=0.7951 running_loss=0.7721 elapsed=8.28s
Epoch 10/15 batch 391/391 loss=0.7762 running_loss=0.7693 elapsed=9.35s
Epoch 10/15 train_loss=0.7693 test_loss=0.7305 acc=0.7918 time=10.68s
Epoch 11/15 batch 50/391 loss=0.7518 running_loss=0.7311 elapsed=1.16s
Epoch 11/15 batch 100/391 loss=0.8743 running_loss=0.7300 elapsed=2.27s
Epoch 11/15 batch 150/391 loss=0.6238 running_loss=0.7284 elapsed=3.44s
Epoch 11/15 batch 200/391 loss=0.6284 running_loss=0.7203 elapsed=4.67s
Epoch 11/15 batch 250/391 loss=0.6984 running_loss=0.7226 elapsed=5.88s
Epoch 11/15 batch 300/391 loss=0.7378 running_loss=0.7183 elapsed=7.02s
Epoch 11/15 batch 350/391 loss=0.7582 running_loss=0.7169 elapsed=8.21s
Epoch 11/15 batch 391/391 loss=0.6964 running_loss=0.7138 elapsed=9.23s
Epoch 11/15 train_loss=0.7138 test_loss=0.6879 acc=0.7912 time=10.55s
Epoch 12/15 batch 50/391 loss=0.6512 running_loss=0.6694 elapsed=1.18s
Epoch 12/15 batch 100/391 loss=0.7306 running_loss=0.6820 elapsed=2.35s
Epoch 12/15 batch 150/391 loss=0.6101 running_loss=0.6731 elapsed=3.56s
Epoch 12/15 batch 200/391 loss=0.6886 running_loss=0.6712 elapsed=4.79s
Epoch 12/15 batch 250/391 loss=0.8120 running_loss=0.6677 elapsed=5.98s
Epoch 12/15 batch 300/391 loss=0.5331 running_loss=0.6691 elapsed=7.41s
Epoch 12/15 batch 350/391 loss=0.6511 running_loss=0.6660 elapsed=8.99s
Epoch 12/15 batch 391/391 loss=0.7085 running_loss=0.6636 elapsed=9.99s
Epoch 12/15 train_loss=0.6636 test_loss=0.6438 acc=0.7758 time=11.24s
Epoch 13/15 batch 50/391 loss=0.5313 running_loss=0.6125 elapsed=1.18s
Epoch 13/15 batch 100/391 loss=0.7481 running_loss=0.6192 elapsed=2.33s
Epoch 13/15 batch 150/391 loss=0.6202 running_loss=0.6232 elapsed=3.51s
Epoch 13/15 batch 200/391 loss=0.6469 running_loss=0.6267 elapsed=4.80s
Epoch 13/15 batch 250/391 loss=0.5616 running_loss=0.6242 elapsed=5.95s
Epoch 13/15 batch 300/391 loss=0.8072 running_loss=0.6227 elapsed=7.09s
Epoch 13/15 batch 350/391 loss=0.5648 running_loss=0.6228 elapsed=8.36s
Epoch 13/15 batch 391/391 loss=0.8376 running_loss=0.6228 elapsed=9.31s
Epoch 13/15 train_loss=0.6228 test_loss=0.5936 acc=0.8108 time=10.62s
Epoch 14/15 batch 50/391 loss=0.5261 running_loss=0.5960 elapsed=1.19s
Epoch 14/15 batch 100/391 loss=0.5695 running_loss=0.6017 elapsed=2.36s
Epoch 14/15 batch 150/391 loss=0.5454 running_loss=0.5952 elapsed=3.58s
Epoch 14/15 batch 200/391 loss=0.7508 running_loss=0.5966 elapsed=4.66s
Epoch 14/15 batch 250/391 loss=0.5389 running_loss=0.5961 elapsed=5.73s
Epoch 14/15 batch 300/391 loss=0.5306 running_loss=0.5932 elapsed=6.78s
Epoch 14/15 batch 350/391 loss=0.5843 running_loss=0.5932 elapsed=7.88s
Epoch 14/15 batch 391/391 loss=0.6856 running_loss=0.5910 elapsed=8.80s
Epoch 14/15 train_loss=0.5910 test_loss=0.5597 acc=0.8174 time=10.00s
Epoch 15/15 batch 50/391 loss=0.8024 running_loss=0.5753 elapsed=1.05s
Epoch 15/15 batch 100/391 loss=0.5694 running_loss=0.5597 elapsed=2.16s
Epoch 15/15 batch 150/391 loss=0.5713 running_loss=0.5584 elapsed=3.28s
Epoch 15/15 batch 200/391 loss=0.7346 running_loss=0.5600 elapsed=4.41s
Epoch 15/15 batch 250/391 loss=0.5356 running_loss=0.5657 elapsed=5.48s
Epoch 15/15 batch 300/391 loss=0.4471 running_loss=0.5654 elapsed=6.60s
Epoch 15/15 batch 350/391 loss=0.6015 running_loss=0.5626 elapsed=7.70s
Epoch 15/15 batch 391/391 loss=0.5464 running_loss=0.5619 elapsed=8.63s
Epoch 15/15 train_loss=0.5619 test_loss=0.5384 acc=0.8282 time=9.89s
[results/ablation_full10/depth_2] reused from results/ablation_full10/qubits_4 (identical grid point, not retrained)
--- Training configs/ablation_full10/depth_3.yaml -> results/ablation_full10/depth_3 ---
[results/ablation_full10/depth_3] trainable parameters: 2338
Epoch 1/15 batch 50/391 loss=2.2488 running_loss=2.2753 elapsed=1.49s
Epoch 1/15 batch 100/391 loss=2.1437 running_loss=2.2133 elapsed=2.91s
Epoch 1/15 batch 150/391 loss=2.0657 running_loss=2.1653 elapsed=4.35s
Epoch 1/15 batch 200/391 loss=1.9393 running_loss=2.1190 elapsed=5.76s
Epoch 1/15 batch 250/391 loss=1.8377 running_loss=2.0732 elapsed=7.13s
Epoch 1/15 batch 300/391 loss=1.8122 running_loss=2.0302 elapsed=8.55s
Epoch 1/15 batch 350/391 loss=1.6648 running_loss=1.9898 elapsed=9.99s
Epoch 1/15 batch 391/391 loss=1.6022 running_loss=1.9566 elapsed=11.14s
Epoch 1/15 train_loss=1.9566 test_loss=1.6632 acc=0.6028 time=12.54s
Epoch 2/15 batch 50/391 loss=1.6866 running_loss=1.6319 elapsed=1.41s
Epoch 2/15 batch 100/391 loss=1.4927 running_loss=1.6057 elapsed=2.84s
Epoch 2/15 batch 150/391 loss=1.4553 running_loss=1.5784 elapsed=4.23s
Epoch 2/15 batch 200/391 loss=1.3862 running_loss=1.5503 elapsed=5.61s
Epoch 2/15 batch 250/391 loss=1.4217 running_loss=1.5206 elapsed=7.13s
Epoch 2/15 batch 300/391 loss=1.2988 running_loss=1.4914 elapsed=8.54s
Epoch 2/15 batch 350/391 loss=1.2490 running_loss=1.4635 elapsed=9.95s
Epoch 2/15 batch 391/391 loss=1.1970 running_loss=1.4400 elapsed=11.06s
Epoch 2/15 train_loss=1.4400 test_loss=1.2005 acc=0.6790 time=12.59s
Epoch 3/15 batch 50/391 loss=1.2713 running_loss=1.1682 elapsed=1.42s
Epoch 3/15 batch 100/391 loss=1.1221 running_loss=1.1300 elapsed=2.79s
Epoch 3/15 batch 150/391 loss=0.9609 running_loss=1.0946 elapsed=4.25s
Epoch 3/15 batch 200/391 loss=0.9050 running_loss=1.0610 elapsed=5.70s
Epoch 3/15 batch 250/391 loss=0.8668 running_loss=1.0338 elapsed=7.09s
Epoch 3/15 batch 300/391 loss=0.8978 running_loss=1.0082 elapsed=8.49s
Epoch 3/15 batch 350/391 loss=0.7775 running_loss=0.9855 elapsed=9.89s
Epoch 3/15 batch 391/391 loss=0.8054 running_loss=0.9701 elapsed=11.06s
Epoch 3/15 train_loss=0.9701 test_loss=0.7955 acc=0.7288 time=12.46s
Epoch 4/15 batch 50/391 loss=0.7132 running_loss=0.8161 elapsed=1.38s
Epoch 4/15 batch 100/391 loss=0.7847 running_loss=0.8075 elapsed=2.78s
Epoch 4/15 batch 150/391 loss=0.7327 running_loss=0.7981 elapsed=4.23s
Epoch 4/15 batch 200/391 loss=0.7067 running_loss=0.7883 elapsed=5.61s
Epoch 4/15 batch 250/391 loss=0.8756 running_loss=0.7808 elapsed=6.96s
Epoch 4/15 batch 300/391 loss=0.7877 running_loss=0.7721 elapsed=8.41s
Epoch 4/15 batch 350/391 loss=0.7505 running_loss=0.7635 elapsed=9.85s
Epoch 4/15 batch 391/391 loss=0.8498 running_loss=0.7568 elapsed=10.95s
Epoch 4/15 train_loss=0.7568 test_loss=0.6783 acc=0.7710 time=12.35s
Epoch 5/15 batch 50/391 loss=0.7065 running_loss=0.7069 elapsed=1.45s
Epoch 5/15 batch 100/391 loss=0.7200 running_loss=0.6983 elapsed=2.83s
Epoch 5/15 batch 150/391 loss=0.6251 running_loss=0.6853 elapsed=4.21s
Epoch 5/15 batch 200/391 loss=0.5735 running_loss=0.6854 elapsed=5.65s
Epoch 5/15 batch 250/391 loss=0.6993 running_loss=0.6828 elapsed=7.12s
Epoch 5/15 batch 300/391 loss=0.5718 running_loss=0.6785 elapsed=8.52s
Epoch 5/15 batch 350/391 loss=0.6672 running_loss=0.6777 elapsed=9.89s
Epoch 5/15 batch 391/391 loss=0.6156 running_loss=0.6726 elapsed=11.14s
Epoch 5/15 train_loss=0.6726 test_loss=0.6199 acc=0.7742 time=12.56s
Epoch 6/15 batch 50/391 loss=0.7462 running_loss=0.6262 elapsed=1.38s
Epoch 6/15 batch 100/391 loss=0.6961 running_loss=0.6376 elapsed=2.73s
Epoch 6/15 batch 150/391 loss=0.6339 running_loss=0.6283 elapsed=4.18s
Epoch 6/15 batch 200/391 loss=0.4880 running_loss=0.6207 elapsed=5.59s
Epoch 6/15 batch 250/391 loss=0.5591 running_loss=0.6190 elapsed=6.95s
Epoch 6/15 batch 300/391 loss=0.5381 running_loss=0.6178 elapsed=8.32s
Epoch 6/15 batch 350/391 loss=0.5916 running_loss=0.6161 elapsed=9.76s
Epoch 6/15 batch 391/391 loss=0.5806 running_loss=0.6139 elapsed=10.85s
Epoch 6/15 train_loss=0.6139 test_loss=0.5656 acc=0.8180 time=12.17s
Epoch 7/15 batch 50/391 loss=0.5153 running_loss=0.5767 elapsed=1.45s
Epoch 7/15 batch 100/391 loss=0.6251 running_loss=0.5747 elapsed=2.87s
Epoch 7/15 batch 150/391 loss=0.5553 running_loss=0.5814 elapsed=4.24s
Epoch 7/15 batch 200/391 loss=0.7757 running_loss=0.5807 elapsed=5.60s
Epoch 7/15 batch 250/391 loss=0.6358 running_loss=0.5814 elapsed=7.04s
Epoch 7/15 batch 300/391 loss=0.4857 running_loss=0.5755 elapsed=8.44s
Epoch 7/15 batch 350/391 loss=0.5168 running_loss=0.5738 elapsed=9.76s
Epoch 7/15 batch 391/391 loss=0.6203 running_loss=0.5713 elapsed=10.87s
Epoch 7/15 train_loss=0.5713 test_loss=0.5266 acc=0.8756 time=12.31s
Epoch 8/15 batch 50/391 loss=0.5859 running_loss=0.5518 elapsed=1.45s
Epoch 8/15 batch 100/391 loss=0.4067 running_loss=0.5386 elapsed=2.81s
Epoch 8/15 batch 150/391 loss=0.4494 running_loss=0.5383 elapsed=4.15s
Epoch 8/15 batch 200/391 loss=0.4017 running_loss=0.5274 elapsed=5.66s
Epoch 8/15 batch 250/391 loss=0.5163 running_loss=0.5232 elapsed=7.04s
Epoch 8/15 batch 300/391 loss=0.5960 running_loss=0.5167 elapsed=8.39s
Epoch 8/15 batch 350/391 loss=0.5934 running_loss=0.5147 elapsed=9.82s
Epoch 8/15 batch 391/391 loss=0.4561 running_loss=0.5123 elapsed=11.03s
Epoch 8/15 train_loss=0.5123 test_loss=0.4625 acc=0.8954 time=12.37s
Epoch 9/15 batch 50/391 loss=0.4876 running_loss=0.5189 elapsed=1.34s
Epoch 9/15 batch 100/391 loss=0.5287 running_loss=0.4899 elapsed=2.81s
Epoch 9/15 batch 150/391 loss=0.5313 running_loss=0.4843 elapsed=4.17s
Epoch 9/15 batch 200/391 loss=0.3578 running_loss=0.4768 elapsed=5.54s
Epoch 9/15 batch 250/391 loss=0.4321 running_loss=0.4682 elapsed=6.91s
Epoch 9/15 batch 300/391 loss=0.5573 running_loss=0.4630 elapsed=8.33s
Epoch 9/15 batch 350/391 loss=0.4082 running_loss=0.4558 elapsed=9.74s
Epoch 9/15 batch 391/391 loss=0.3934 running_loss=0.4531 elapsed=10.84s
Epoch 9/15 train_loss=0.4531 test_loss=0.4078 acc=0.9204 time=12.21s
Epoch 10/15 batch 50/391 loss=0.3274 running_loss=0.4234 elapsed=1.41s
Epoch 10/15 batch 100/391 loss=0.4376 running_loss=0.4145 elapsed=2.87s
Epoch 10/15 batch 150/391 loss=0.4332 running_loss=0.4147 elapsed=4.23s
Epoch 10/15 batch 200/391 loss=0.3588 running_loss=0.4152 elapsed=5.57s
Epoch 10/15 batch 250/391 loss=0.2938 running_loss=0.4110 elapsed=7.02s
Epoch 10/15 batch 300/391 loss=0.4066 running_loss=0.4101 elapsed=8.43s
Epoch 10/15 batch 350/391 loss=0.4148 running_loss=0.4058 elapsed=9.82s
Epoch 10/15 batch 391/391 loss=0.2948 running_loss=0.4029 elapsed=10.95s
Epoch 10/15 train_loss=0.4029 test_loss=0.3524 acc=0.9370 time=12.40s
Epoch 11/15 batch 50/391 loss=0.5858 running_loss=0.3793 elapsed=1.39s
Epoch 11/15 batch 100/391 loss=0.3044 running_loss=0.3667 elapsed=2.75s
Epoch 11/15 batch 150/391 loss=0.3351 running_loss=0.3628 elapsed=4.19s
Epoch 11/15 batch 200/391 loss=0.2728 running_loss=0.3583 elapsed=5.62s
Epoch 11/15 batch 250/391 loss=0.3174 running_loss=0.3563 elapsed=6.97s
Epoch 11/15 batch 300/391 loss=0.2062 running_loss=0.3555 elapsed=8.34s
Epoch 11/15 batch 350/391 loss=0.2996 running_loss=0.3566 elapsed=9.74s
Epoch 11/15 batch 391/391 loss=0.3625 running_loss=0.3534 elapsed=10.92s
Epoch 11/15 train_loss=0.3534 test_loss=0.3281 acc=0.9398 time=12.37s
Epoch 12/15 batch 50/391 loss=0.3454 running_loss=0.3230 elapsed=1.42s
Epoch 12/15 batch 100/391 loss=0.2510 running_loss=0.3293 elapsed=2.82s
Epoch 12/15 batch 150/391 loss=0.3056 running_loss=0.3283 elapsed=4.24s
Epoch 12/15 batch 200/391 loss=0.3555 running_loss=0.3198 elapsed=5.66s
Epoch 12/15 batch 250/391 loss=0.3192 running_loss=0.3162 elapsed=7.03s
Epoch 12/15 batch 300/391 loss=0.2586 running_loss=0.3167 elapsed=8.46s
Epoch 12/15 batch 350/391 loss=0.4733 running_loss=0.3170 elapsed=9.87s
Epoch 12/15 batch 391/391 loss=0.1650 running_loss=0.3164 elapsed=10.97s
Epoch 12/15 train_loss=0.3164 test_loss=0.2927 acc=0.9392 time=12.36s
Epoch 13/15 batch 50/391 loss=0.2306 running_loss=0.3073 elapsed=1.44s
Epoch 13/15 batch 100/391 loss=0.2465 running_loss=0.2959 elapsed=2.86s
Epoch 13/15 batch 150/391 loss=0.1866 running_loss=0.2925 elapsed=4.22s
Epoch 13/15 batch 200/391 loss=0.3263 running_loss=0.2949 elapsed=5.67s
Epoch 13/15 batch 250/391 loss=0.2162 running_loss=0.2988 elapsed=7.10s
Epoch 13/15 batch 300/391 loss=0.2354 running_loss=0.2934 elapsed=8.49s
Epoch 13/15 batch 350/391 loss=0.2094 running_loss=0.2924 elapsed=9.86s
Epoch 13/15 batch 391/391 loss=0.3347 running_loss=0.2921 elapsed=11.14s
Epoch 13/15 train_loss=0.2921 test_loss=0.2775 acc=0.9374 time=12.59s
Epoch 14/15 batch 50/391 loss=0.1872 running_loss=0.2659 elapsed=1.39s
Epoch 14/15 batch 100/391 loss=0.3342 running_loss=0.2761 elapsed=2.77s
Epoch 14/15 batch 150/391 loss=0.1833 running_loss=0.2675 elapsed=4.17s
Epoch 14/15 batch 200/391 loss=0.1936 running_loss=0.2633 elapsed=5.60s
Epoch 14/15 batch 250/391 loss=0.3659 running_loss=0.2673 elapsed=6.96s
Epoch 14/15 batch 300/391 loss=0.2331 running_loss=0.2659 elapsed=8.29s
Epoch 14/15 batch 350/391 loss=0.3476 running_loss=0.2658 elapsed=9.79s
Epoch 14/15 batch 391/391 loss=0.1881 running_loss=0.2649 elapsed=10.92s
Epoch 14/15 train_loss=0.2649 test_loss=0.2467 acc=0.9524 time=12.33s
Epoch 15/15 batch 50/391 loss=0.2490 running_loss=0.2583 elapsed=1.40s
Epoch 15/15 batch 100/391 loss=0.1997 running_loss=0.2552 elapsed=2.86s
Epoch 15/15 batch 150/391 loss=0.2500 running_loss=0.2474 elapsed=4.23s
Epoch 15/15 batch 200/391 loss=0.1643 running_loss=0.2519 elapsed=5.60s
Epoch 15/15 batch 250/391 loss=0.1316 running_loss=0.2509 elapsed=7.02s
Epoch 15/15 batch 300/391 loss=0.3039 running_loss=0.2529 elapsed=8.45s
Epoch 15/15 batch 350/391 loss=0.3731 running_loss=0.2504 elapsed=9.81s
Epoch 15/15 batch 391/391 loss=0.6247 running_loss=0.2517 elapsed=10.92s
Epoch 15/15 train_loss=0.2517 test_loss=0.2346 acc=0.9492 time=12.38s
--- Training configs/ablation_full10/depth_4.yaml -> results/ablation_full10/depth_4 ---
[results/ablation_full10/depth_4] trainable parameters: 2342
Epoch 1/15 batch 50/391 loss=2.1876 running_loss=2.2902 elapsed=1.64s
Epoch 1/15 batch 100/391 loss=2.1773 running_loss=2.2379 elapsed=3.18s
Epoch 1/15 batch 150/391 loss=2.0618 running_loss=2.1902 elapsed=4.83s
Epoch 1/15 batch 200/391 loss=1.9550 running_loss=2.1471 elapsed=6.47s
Epoch 1/15 batch 250/391 loss=1.9185 running_loss=2.0992 elapsed=8.12s
Epoch 1/15 batch 300/391 loss=1.7068 running_loss=2.0479 elapsed=9.72s
Epoch 1/15 batch 350/391 loss=1.6820 running_loss=1.9959 elapsed=11.36s
Epoch 1/15 batch 391/391 loss=1.5039 running_loss=1.9544 elapsed=12.62s
Epoch 1/15 train_loss=1.9544 test_loss=1.5446 acc=0.5598 time=14.20s
Epoch 2/15 batch 50/391 loss=1.4790 running_loss=1.5003 elapsed=1.96s
Epoch 2/15 batch 100/391 loss=1.4248 running_loss=1.4632 elapsed=3.85s
Epoch 2/15 batch 150/391 loss=1.2387 running_loss=1.4240 elapsed=5.78s
Epoch 2/15 batch 200/391 loss=1.2129 running_loss=1.3887 elapsed=7.69s
Epoch 2/15 batch 250/391 loss=1.1719 running_loss=1.3492 elapsed=9.55s
Epoch 2/15 batch 300/391 loss=1.0944 running_loss=1.3156 elapsed=11.24s
Epoch 2/15 batch 350/391 loss=1.0283 running_loss=1.2823 elapsed=12.81s
Epoch 2/15 batch 391/391 loss=0.9990 running_loss=1.2588 elapsed=14.11s
Epoch 2/15 train_loss=1.2588 test_loss=1.0015 acc=0.7454 time=15.63s
Epoch 3/15 batch 50/391 loss=0.9967 running_loss=0.9982 elapsed=1.61s
Epoch 3/15 batch 100/391 loss=0.8393 running_loss=0.9682 elapsed=3.14s
Epoch 3/15 batch 150/391 loss=0.8972 running_loss=0.9484 elapsed=4.62s
Epoch 3/15 batch 200/391 loss=0.9110 running_loss=0.9304 elapsed=6.27s
Epoch 3/15 batch 250/391 loss=0.8048 running_loss=0.9153 elapsed=7.80s
Epoch 3/15 batch 300/391 loss=0.7009 running_loss=0.8961 elapsed=9.29s
Epoch 3/15 batch 350/391 loss=0.8789 running_loss=0.8778 elapsed=10.86s
Epoch 3/15 batch 391/391 loss=0.7793 running_loss=0.8643 elapsed=12.16s
Epoch 3/15 train_loss=0.8643 test_loss=0.7134 acc=0.8796 time=13.68s
Epoch 4/15 batch 50/391 loss=0.6710 running_loss=0.7016 elapsed=1.55s
Epoch 4/15 batch 100/391 loss=0.7126 running_loss=0.6928 elapsed=3.16s
Epoch 4/15 batch 150/391 loss=0.6889 running_loss=0.6796 elapsed=4.75s
Epoch 4/15 batch 200/391 loss=0.5122 running_loss=0.6653 elapsed=6.29s
Epoch 4/15 batch 250/391 loss=0.5749 running_loss=0.6547 elapsed=7.84s
Epoch 4/15 batch 300/391 loss=0.5229 running_loss=0.6428 elapsed=9.41s
Epoch 4/15 batch 350/391 loss=0.5457 running_loss=0.6298 elapsed=10.94s
Epoch 4/15 batch 391/391 loss=0.5324 running_loss=0.6198 elapsed=12.23s
Epoch 4/15 train_loss=0.6198 test_loss=0.5180 acc=0.9232 time=13.79s
Epoch 5/15 batch 50/391 loss=0.4334 running_loss=0.5174 elapsed=1.56s
Epoch 5/15 batch 100/391 loss=0.4984 running_loss=0.5071 elapsed=3.07s
Epoch 5/15 batch 150/391 loss=0.3592 running_loss=0.4993 elapsed=4.73s
Epoch 5/15 batch 200/391 loss=0.6493 running_loss=0.4976 elapsed=6.29s
Epoch 5/15 batch 250/391 loss=0.4502 running_loss=0.4870 elapsed=7.81s
Epoch 5/15 batch 300/391 loss=0.5031 running_loss=0.4766 elapsed=9.37s
Epoch 5/15 batch 350/391 loss=0.5683 running_loss=0.4690 elapsed=10.94s
Epoch 5/15 batch 391/391 loss=0.6166 running_loss=0.4612 elapsed=12.20s
Epoch 5/15 train_loss=0.4612 test_loss=0.3973 acc=0.9322 time=13.72s
Epoch 6/15 batch 50/391 loss=0.4669 running_loss=0.3930 elapsed=1.58s
Epoch 6/15 batch 100/391 loss=0.3415 running_loss=0.3905 elapsed=3.13s
Epoch 6/15 batch 150/391 loss=0.3085 running_loss=0.3871 elapsed=4.68s
Epoch 6/15 batch 200/391 loss=0.3433 running_loss=0.3827 elapsed=6.24s
Epoch 6/15 batch 250/391 loss=0.4073 running_loss=0.3802 elapsed=7.81s
Epoch 6/15 batch 300/391 loss=0.3911 running_loss=0.3784 elapsed=9.30s
Epoch 6/15 batch 350/391 loss=0.3712 running_loss=0.3748 elapsed=10.83s
Epoch 6/15 batch 391/391 loss=0.4515 running_loss=0.3715 elapsed=12.18s
Epoch 6/15 train_loss=0.3715 test_loss=0.3601 acc=0.9304 time=13.70s
Epoch 7/15 batch 50/391 loss=0.4065 running_loss=0.3530 elapsed=1.54s
Epoch 7/15 batch 100/391 loss=0.2800 running_loss=0.3334 elapsed=3.08s
Epoch 7/15 batch 150/391 loss=0.4599 running_loss=0.3291 elapsed=4.63s
Epoch 7/15 batch 200/391 loss=0.3812 running_loss=0.3245 elapsed=6.15s
Epoch 7/15 batch 250/391 loss=0.3092 running_loss=0.3192 elapsed=7.64s
Epoch 7/15 batch 300/391 loss=0.4345 running_loss=0.3155 elapsed=9.22s
Epoch 7/15 batch 350/391 loss=0.2206 running_loss=0.3131 elapsed=10.78s
Epoch 7/15 batch 391/391 loss=0.3080 running_loss=0.3118 elapsed=12.06s
Epoch 7/15 train_loss=0.3118 test_loss=0.2842 acc=0.9492 time=13.69s
Epoch 8/15 batch 50/391 loss=0.1710 running_loss=0.3048 elapsed=1.58s
Epoch 8/15 batch 100/391 loss=0.2739 running_loss=0.2945 elapsed=3.14s
Epoch 8/15 batch 150/391 loss=0.4371 running_loss=0.2907 elapsed=4.65s
Epoch 8/15 batch 200/391 loss=0.4020 running_loss=0.2837 elapsed=6.24s
Epoch 8/15 batch 250/391 loss=0.1871 running_loss=0.2802 elapsed=7.81s
Epoch 8/15 batch 300/391 loss=0.2970 running_loss=0.2780 elapsed=9.31s
Epoch 8/15 batch 350/391 loss=0.3561 running_loss=0.2767 elapsed=10.96s
Epoch 8/15 batch 391/391 loss=0.1634 running_loss=0.2749 elapsed=12.22s
Epoch 8/15 train_loss=0.2749 test_loss=0.2521 acc=0.9492 time=13.71s
Epoch 9/15 batch 50/391 loss=0.1557 running_loss=0.2421 elapsed=1.60s
Epoch 9/15 batch 100/391 loss=0.2935 running_loss=0.2501 elapsed=3.20s
Epoch 9/15 batch 150/391 loss=0.1776 running_loss=0.2460 elapsed=4.76s
Epoch 9/15 batch 200/391 loss=0.1712 running_loss=0.2474 elapsed=6.24s
Epoch 9/15 batch 250/391 loss=0.3304 running_loss=0.2466 elapsed=7.83s
Epoch 9/15 batch 300/391 loss=0.1995 running_loss=0.2472 elapsed=9.44s
Epoch 9/15 batch 350/391 loss=0.2988 running_loss=0.2459 elapsed=11.01s
Epoch 9/15 batch 391/391 loss=0.2943 running_loss=0.2449 elapsed=12.32s
Epoch 9/15 train_loss=0.2449 test_loss=0.2384 acc=0.9450 time=13.89s
Epoch 10/15 batch 50/391 loss=0.1966 running_loss=0.2257 elapsed=1.54s
Epoch 10/15 batch 100/391 loss=0.2360 running_loss=0.2270 elapsed=3.11s
Epoch 10/15 batch 150/391 loss=0.1903 running_loss=0.2236 elapsed=4.70s
Epoch 10/15 batch 200/391 loss=0.2136 running_loss=0.2216 elapsed=6.25s
Epoch 10/15 batch 250/391 loss=0.2035 running_loss=0.2214 elapsed=7.76s
Epoch 10/15 batch 300/391 loss=0.1516 running_loss=0.2228 elapsed=9.41s
Epoch 10/15 batch 350/391 loss=0.1730 running_loss=0.2214 elapsed=11.03s
Epoch 10/15 batch 391/391 loss=0.1845 running_loss=0.2210 elapsed=12.28s
Epoch 10/15 train_loss=0.2210 test_loss=0.2170 acc=0.9530 time=13.81s
Epoch 11/15 batch 50/391 loss=0.1291 running_loss=0.1898 elapsed=1.60s
Epoch 11/15 batch 100/391 loss=0.1963 running_loss=0.2068 elapsed=3.11s
Epoch 11/15 batch 150/391 loss=0.4064 running_loss=0.2091 elapsed=4.65s
Epoch 11/15 batch 200/391 loss=0.1730 running_loss=0.2103 elapsed=6.21s
Epoch 11/15 batch 250/391 loss=0.1988 running_loss=0.2062 elapsed=7.78s
Epoch 11/15 batch 300/391 loss=0.2593 running_loss=0.2051 elapsed=9.29s
Epoch 11/15 batch 350/391 loss=0.1545 running_loss=0.2058 elapsed=10.87s
Epoch 11/15 batch 391/391 loss=0.4897 running_loss=0.2058 elapsed=12.18s
Epoch 11/15 train_loss=0.2058 test_loss=0.2099 acc=0.9548 time=13.66s
Epoch 12/15 batch 50/391 loss=0.2130 running_loss=0.1811 elapsed=1.55s
Epoch 12/15 batch 100/391 loss=0.2505 running_loss=0.1838 elapsed=3.14s
Epoch 12/15 batch 150/391 loss=0.0936 running_loss=0.1804 elapsed=4.68s
Epoch 12/15 batch 200/391 loss=0.4643 running_loss=0.1875 elapsed=6.17s
Epoch 12/15 batch 250/391 loss=0.0849 running_loss=0.1912 elapsed=7.72s
Epoch 12/15 batch 300/391 loss=0.3576 running_loss=0.1906 elapsed=9.30s
Epoch 12/15 batch 350/391 loss=0.3375 running_loss=0.1922 elapsed=10.80s
Epoch 12/15 batch 391/391 loss=0.0737 running_loss=0.1911 elapsed=12.08s
Epoch 12/15 train_loss=0.1911 test_loss=0.1941 acc=0.9570 time=13.69s
Epoch 13/15 batch 50/391 loss=0.1946 running_loss=0.2022 elapsed=1.56s
Epoch 13/15 batch 100/391 loss=0.3130 running_loss=0.1853 elapsed=3.10s
Epoch 13/15 batch 150/391 loss=0.3332 running_loss=0.1841 elapsed=4.71s
Epoch 13/15 batch 200/391 loss=0.2868 running_loss=0.1850 elapsed=6.29s
Epoch 13/15 batch 250/391 loss=0.1582 running_loss=0.1897 elapsed=7.86s
Epoch 13/15 batch 300/391 loss=0.1219 running_loss=0.1863 elapsed=9.45s
Epoch 13/15 batch 350/391 loss=0.1083 running_loss=0.1836 elapsed=10.98s
Epoch 13/15 batch 391/391 loss=0.0521 running_loss=0.1806 elapsed=12.22s
Epoch 13/15 train_loss=0.1806 test_loss=0.1782 acc=0.9586 time=13.68s
Epoch 14/15 batch 50/391 loss=0.1291 running_loss=0.1698 elapsed=1.62s
Epoch 14/15 batch 100/391 loss=0.1818 running_loss=0.1724 elapsed=3.16s
Epoch 14/15 batch 150/391 loss=0.1038 running_loss=0.1672 elapsed=4.66s
Epoch 14/15 batch 200/391 loss=0.2303 running_loss=0.1702 elapsed=6.28s
Epoch 14/15 batch 250/391 loss=0.2500 running_loss=0.1708 elapsed=7.83s
Epoch 14/15 batch 300/391 loss=0.3993 running_loss=0.1711 elapsed=9.35s
Epoch 14/15 batch 350/391 loss=0.3662 running_loss=0.1728 elapsed=10.90s
Epoch 14/15 batch 391/391 loss=0.1712 running_loss=0.1720 elapsed=12.18s
Epoch 14/15 train_loss=0.1720 test_loss=0.1740 acc=0.9592 time=13.71s
Epoch 15/15 batch 50/391 loss=0.2382 running_loss=0.1810 elapsed=1.49s
Epoch 15/15 batch 100/391 loss=0.1598 running_loss=0.1737 elapsed=3.06s
Epoch 15/15 batch 150/391 loss=0.1660 running_loss=0.1646 elapsed=4.60s
Epoch 15/15 batch 200/391 loss=0.0881 running_loss=0.1628 elapsed=6.09s
Epoch 15/15 batch 250/391 loss=0.1083 running_loss=0.1620 elapsed=7.64s
Epoch 15/15 batch 300/391 loss=0.1757 running_loss=0.1635 elapsed=9.25s
Epoch 15/15 batch 350/391 loss=0.2449 running_loss=0.1647 elapsed=10.78s
Epoch 15/15 batch 391/391 loss=0.0772 running_loss=0.1645 elapsed=12.08s
Epoch 15/15 train_loss=0.1645 test_loss=0.1759 acc=0.9576 time=13.65s
Saved figures/ablation_full10_depth.png
sweep  n_qubits  n_qlayers  accuracy  f1_macro  precision_macro  recall_macro  parameter_count  epoch_time_sec  training_seed  data_seed                      output_dir
depth         4          1    0.8282  0.814270         0.846604        0.8282           2330.0        9.885111           42.0       42.0 results/ablation_full10/depth_1
depth         4          2    0.9534  0.953482         0.954156        0.9534           2334.0       10.591253           42.0       42.0 results/ablation_full10/depth_2
depth         4          3    0.9492  0.949280         0.949730        0.9492           2338.0       12.378350           42.0       42.0 results/ablation_full10/depth_3
depth         4          4    0.9576  0.957571         0.957859        0.9576           2342.0       13.651467           42.0       42.0 results/ablation_full10/depth_4
